#
# There is insufficient memory for the Java Runtime Environment to continue.
# Native memory allocation (malloc) failed to allocate 96336 bytes. Error detail: Chunk::new
# Possible reasons:
#   The system is out of physical RAM or swap space
#   This process is running with CompressedOops enabled, and the Java Heap may be blocking the growth of the native heap
# Possible solutions:
#   Reduce memory load on the system
#   Increase physical memory or swap space
#   Check if swap backing store is full
#   Decrease Java heap size (-Xmx/-Xms)
#   Decrease number of Java threads
#   Decrease Java thread stack sizes (-Xss)
#   Set larger code cache with -XX:ReservedCodeCacheSize=
#   JVM is running with Unscaled Compressed Oops mode in which the Java heap is
#     placed in the first 4GB address space. The Java Heap base address is the
#     maximum limit for the native heap growth. Please use -XX:HeapBaseMinAddress
#     to set the Java Heap base and to place the Java Heap above 4GB virtual address.
# This output file may be truncated or incomplete.
#
#  Out of Memory Error (arena.cpp:168), pid=2424, tid=25864
#
# JRE version: OpenJDK Runtime Environment Temurin-21.0.10+7 (21.0.10+7) (build 21.0.10+7-LTS)
# Java VM: OpenJDK 64-Bit Server VM Temurin-21.0.10+7 (21.0.10+7-LTS, mixed mode, sharing, tiered, compressed oops, compressed class ptrs, parallel gc, windows-amd64)
# No core dump will be written. Minidumps are not enabled by default on client versions of Windows
#

---------------  S U M M A R Y ------------

Command Line: --add-modules=ALL-SYSTEM --add-opens=java.base/java.util=ALL-UNNAMED --add-opens=java.base/java.lang=ALL-UNNAMED --add-opens=java.base/sun.nio.fs=ALL-UNNAMED -Declipse.application=org.eclipse.jdt.ls.core.id1 -Dosgi.bundles.defaultStartLevel=4 -Declipse.product=org.eclipse.jdt.ls.core.product -Djava.import.generatesMetadataFilesAtProjectRoot=false -DDetectVMInstallationsJob.disabled=true -Dfile.encoding=utf8 -XX:+UseParallelGC -XX:GCTimeRatio=4 -XX:AdaptiveSizePolicyWeight=90 -Dsun.zip.disableMemoryMapping=true -Xmx2G -Xms100m -Xlog:disable -javaagent:c:\Users\Chandana\.vscode\extensions\redhat.java-1.54.0-win32-x64\lombok\lombok-1.18.39-4050.jar -XX:+HeapDumpOnOutOfMemoryError -XX:HeapDumpPath=c:\Users\Chandana\AppData\Roaming\Code\User\workspaceStorage\7e48bb5e0a0455abc135e1238f045d00\redhat.java -Daether.dependencyCollector.impl=bf c:\Users\Chandana\.vscode\extensions\redhat.java-1.54.0-win32-x64\server\plugins\org.eclipse.equinox.launcher_1.7.100.v20251111-0406.jar -configuration c:\Users\Chandana\AppData\Roaming\Code\User\globalStorage\redhat.java\1.54.0\config_win -data c:\Users\Chandana\AppData\Roaming\Code\User\workspaceStorage\7e48bb5e0a0455abc135e1238f045d00\redhat.java\jdt_ws --pipe=\\.\pipe\lsp-e7c9374e1046be64aad8ea9983eb7e62-sock

Host: 12th Gen Intel(R) Core(TM) i5-12450H, 12 cores, 15G,  Windows 11 , 64 bit Build 22621 (10.0.22621.5415)
Time: Thu May 14 14:48:19 2026 India Standard Time elapsed time: 91.271632 seconds (0d 0h 1m 31s)

---------------  T H R E A D  ---------------

Current thread (0x0000021314501b70):  JavaThread "C2 CompilerThread0" daemon [_thread_in_native, id=25864, stack(0x00000026f4900000,0x00000026f4a00000) (1024K)]


Current CompileTask:
C2:91271 8676       4       java.lang.String::encodeUTF8_UTF16 (372 bytes)

Stack: [0x00000026f4900000,0x00000026f4a00000]
Native frames: (J=compiled Java code, j=interpreted, Vv=VM code, C=native code)
V  [jvm.dll+0x6d7a39]
V  [jvm.dll+0x8b4b26]
V  [jvm.dll+0x8b70de]
V  [jvm.dll+0x8b77c3]
V  [jvm.dll+0x284346]
V  [jvm.dll+0xc66ed]
V  [jvm.dll+0xc6c31]
V  [jvm.dll+0x2fb29e]
V  [jvm.dll+0x5fe884]
V  [jvm.dll+0x255b17]
V  [jvm.dll+0x24e21f]
V  [jvm.dll+0x24ba42]
V  [jvm.dll+0x1cb34e]
V  [jvm.dll+0x25b85d]
V  [jvm.dll+0x259dea]
V  [jvm.dll+0x3f857e]
V  [jvm.dll+0x85f59d]
V  [jvm.dll+0x6d626d]
C  [ucrtbase.dll+0x29333]
C  [KERNEL32.DLL+0x1259d]
C  [ntdll.dll+0x5af78]


---------------  P R O C E S S  ---------------

Threads class SMR info:
_java_thread_list=0x0000021373d19f60, length=61, elements={
0x0000021314450440, 0x00000213144f4400, 0x00000213143fcfb0, 0x00000213144f4fd0,
0x00000213144f7080, 0x00000213144f9840, 0x00000213144fcda0, 0x0000021314501b70,
0x0000021314505380, 0x000002136d3df7d0, 0x000002136d552980, 0x00000213730deba0,
0x000002136d5718e0, 0x000002136e68d640, 0x000002136e9a7180, 0x000002136e477810,
0x000002136d2da040, 0x000002136e303780, 0x000002136e301d40, 0x000002136e300990,
0x000002136e3030f0, 0x000002136e3016b0, 0x000002136e3023d0, 0x000002136e302a60,
0x00000213746e0520, 0x00000213746dafd0, 0x00000213746dfe90, 0x00000213746df170,
0x00000213746dd730, 0x00000213746dca10, 0x00000213746df800, 0x00000213746e0bb0,
0x00000213746dd0a0, 0x00000213746dddc0, 0x00000213746de450, 0x00000213746da2b0,
0x00000213746deae0, 0x00000213746e1240, 0x00000213746e18d0, 0x00000213746da940,
0x00000213746dbcf0, 0x00000213746db660, 0x00000213753acf10, 0x00000213753ad5a0,
0x0000021375ead9b0, 0x0000021375eb0110, 0x0000021375eb0e30, 0x0000021375eaabc0,
0x0000021375eb21e0, 0x0000021375eb1b50, 0x0000021375eab250, 0x0000021375eaf3f0,
0x00000213746dc380, 0x0000021375eb14c0, 0x0000021375eafa80, 0x0000021375eab8e0,
0x0000021375eae040, 0x0000021375eb07a0, 0x0000021375eacc90, 0x0000021375ead320,
0x0000021375eaed60
}

Java Threads: ( => current thread )
  0x0000021314450440 JavaThread "main"                              [_thread_blocked, id=24240, stack(0x00000026f3f00000,0x00000026f4000000) (1024K)]
  0x00000213144f4400 JavaThread "Reference Handler"          daemon [_thread_blocked, id=4112, stack(0x00000026f4300000,0x00000026f4400000) (1024K)]
  0x00000213143fcfb0 JavaThread "Finalizer"                  daemon [_thread_blocked, id=18132, stack(0x00000026f4400000,0x00000026f4500000) (1024K)]
  0x00000213144f4fd0 JavaThread "Signal Dispatcher"          daemon [_thread_blocked, id=7920, stack(0x00000026f4500000,0x00000026f4600000) (1024K)]
  0x00000213144f7080 JavaThread "Attach Listener"            daemon [_thread_blocked, id=12516, stack(0x00000026f4600000,0x00000026f4700000) (1024K)]
  0x00000213144f9840 JavaThread "Service Thread"             daemon [_thread_blocked, id=12460, stack(0x00000026f4700000,0x00000026f4800000) (1024K)]
  0x00000213144fcda0 JavaThread "Monitor Deflation Thread"   daemon [_thread_blocked, id=31372, stack(0x00000026f4800000,0x00000026f4900000) (1024K)]
=>0x0000021314501b70 JavaThread "C2 CompilerThread0"         daemon [_thread_in_native, id=25864, stack(0x00000026f4900000,0x00000026f4a00000) (1024K)]
  0x0000021314505380 JavaThread "C1 CompilerThread0"         daemon [_thread_blocked, id=11224, stack(0x00000026f4a00000,0x00000026f4b00000) (1024K)]
  0x000002136d3df7d0 JavaThread "Common-Cleaner"             daemon [_thread_blocked, id=32488, stack(0x00000026f4b00000,0x00000026f4c00000) (1024K)]
  0x000002136d552980 JavaThread "Notification Thread"        daemon [_thread_blocked, id=7744, stack(0x00000026f4d00000,0x00000026f4e00000) (1024K)]
  0x00000213730deba0 JavaThread "Active Thread: Equinox Container: c1796e22-b1ca-433d-9a3b-a026ed1c8248"        [_thread_blocked, id=20152, stack(0x00000026f5500000,0x00000026f5600000) (1024K)]
  0x000002136d5718e0 JavaThread "Refresh Thread: Equinox Container: c1796e22-b1ca-433d-9a3b-a026ed1c8248" daemon [_thread_blocked, id=26416, stack(0x00000026f4e00000,0x00000026f4f00000) (1024K)]
  0x000002136e68d640 JavaThread "Framework Event Dispatcher: Equinox Container: c1796e22-b1ca-433d-9a3b-a026ed1c8248" daemon [_thread_blocked, id=9196, stack(0x00000026f5600000,0x00000026f5700000) (1024K)]
  0x000002136e9a7180 JavaThread "Start Level: Equinox Container: c1796e22-b1ca-433d-9a3b-a026ed1c8248" daemon [_thread_blocked, id=6456, stack(0x00000026f5700000,0x00000026f5800000) (1024K)]
  0x000002136e477810 JavaThread "Bundle File Closer"         daemon [_thread_blocked, id=17548, stack(0x00000026f5c00000,0x00000026f5d00000) (1024K)]
  0x000002136d2da040 JavaThread "SCR Component Actor"        daemon [_thread_blocked, id=20468, stack(0x00000026f5800000,0x00000026f5900000) (1024K)]
  0x000002136e303780 JavaThread "Worker-JM"                         [_thread_blocked, id=17128, stack(0x00000026f5e00000,0x00000026f5f00000) (1024K)]
  0x000002136e301d40 JavaThread "JNA Cleaner"                daemon [_thread_blocked, id=26816, stack(0x00000026f5f00000,0x00000026f6000000) (1024K)]
  0x000002136e300990 JavaThread "Worker-0"                          [_thread_blocked, id=27024, stack(0x00000026f5d00000,0x00000026f5e00000) (1024K)]
  0x000002136e3030f0 JavaThread "Worker-1"                          [_thread_blocked, id=16692, stack(0x00000026f6000000,0x00000026f6100000) (1024K)]
  0x000002136e3016b0 JavaThread "Java indexing"              daemon [_thread_blocked, id=5600, stack(0x00000026f6100000,0x00000026f6200000) (1024K)]
  0x000002136e3023d0 JavaThread "Worker-2"                          [_thread_blocked, id=16944, stack(0x00000026f6300000,0x00000026f6400000) (1024K)]
  0x000002136e302a60 JavaThread "Worker-3"                          [_thread_blocked, id=20064, stack(0x00000026f6400000,0x00000026f6500000) (1024K)]
  0x00000213746e0520 JavaThread "Thread-1"                   daemon [_thread_in_native, id=13788, stack(0x00000026f6500000,0x00000026f6600000) (1024K)]
  0x00000213746dafd0 JavaThread "Thread-2"                   daemon [_thread_in_native, id=26428, stack(0x00000026f6600000,0x00000026f6700000) (1024K)]
  0x00000213746dfe90 JavaThread "Thread-3"                   daemon [_thread_in_native, id=32388, stack(0x00000026f6700000,0x00000026f6800000) (1024K)]
  0x00000213746df170 JavaThread "Thread-4"                   daemon [_thread_in_native, id=5052, stack(0x00000026f6800000,0x00000026f6900000) (1024K)]
  0x00000213746dd730 JavaThread "Thread-5"                   daemon [_thread_in_native, id=25760, stack(0x00000026f6900000,0x00000026f6a00000) (1024K)]
  0x00000213746dca10 JavaThread "Thread-6"                   daemon [_thread_in_native, id=800, stack(0x00000026f6a00000,0x00000026f6b00000) (1024K)]
  0x00000213746df800 JavaThread "Thread-7"                   daemon [_thread_in_native, id=15052, stack(0x00000026f6b00000,0x00000026f6c00000) (1024K)]
  0x00000213746e0bb0 JavaThread "Thread-8"                   daemon [_thread_in_native, id=27588, stack(0x00000026f6c00000,0x00000026f6d00000) (1024K)]
  0x00000213746dd0a0 JavaThread "Thread-9"                   daemon [_thread_in_native, id=6188, stack(0x00000026f6d00000,0x00000026f6e00000) (1024K)]
  0x00000213746dddc0 JavaThread "Thread-10"                  daemon [_thread_in_native, id=20832, stack(0x00000026f6e00000,0x00000026f6f00000) (1024K)]
  0x00000213746de450 JavaThread "Thread-11"                  daemon [_thread_in_native, id=30652, stack(0x00000026f6f00000,0x00000026f7000000) (1024K)]
  0x00000213746da2b0 JavaThread "Thread-12"                  daemon [_thread_in_native, id=1340, stack(0x00000026f7000000,0x00000026f7100000) (1024K)]
  0x00000213746deae0 JavaThread "Thread-13"                  daemon [_thread_in_native, id=31700, stack(0x00000026f7100000,0x00000026f7200000) (1024K)]
  0x00000213746e1240 JavaThread "pool-2-thread-1"                   [_thread_blocked, id=22760, stack(0x00000026f7200000,0x00000026f7300000) (1024K)]
  0x00000213746e18d0 JavaThread "Worker-4"                          [_thread_blocked, id=28064, stack(0x00000026f7300000,0x00000026f7400000) (1024K)]
  0x00000213746da940 JavaThread "Worker-5"                          [_thread_blocked, id=30672, stack(0x00000026f7400000,0x00000026f7500000) (1024K)]
  0x00000213746dbcf0 JavaThread "Timer-0"                           [_thread_blocked, id=27812, stack(0x00000026f7500000,0x00000026f7600000) (1024K)]
  0x00000213746db660 JavaThread "Timer-1"                           [_thread_blocked, id=6476, stack(0x00000026f7600000,0x00000026f7700000) (1024K)]
  0x00000213753acf10 JavaThread "WorkspaceEventsHandler"            [_thread_blocked, id=26540, stack(0x00000026f7900000,0x00000026f7a00000) (1024K)]
  0x00000213753ad5a0 JavaThread "pool-1-thread-1"                   [_thread_blocked, id=11084, stack(0x00000026f7a00000,0x00000026f7b00000) (1024K)]
  0x0000021375ead9b0 JavaThread "Exec process"                      [_thread_blocked, id=25184, stack(0x00000026f8900000,0x00000026f8a00000) (1024K)]
  0x0000021375eb0110 JavaThread "Exec process Thread 2"             [_thread_blocked, id=2712, stack(0x00000026f8a00000,0x00000026f8b00000) (1024K)]
  0x0000021375eb0e30 JavaThread "Exec process Thread 3"             [_thread_blocked, id=14828, stack(0x00000026f8b00000,0x00000026f8c00000) (1024K)]
  0x0000021375eaabc0 JavaThread "Timer-2"                           [_thread_blocked, id=20472, stack(0x00000026f5b00000,0x00000026f5c00000) (1024K)]
  0x0000021375eb21e0 JavaThread "Timer-3"                           [_thread_blocked, id=7116, stack(0x00000026f7800000,0x00000026f7900000) (1024K)]
  0x0000021375eb1b50 JavaThread "Timer-4"                           [_thread_blocked, id=14832, stack(0x00000026f8c00000,0x00000026f8d00000) (1024K)]
  0x0000021375eab250 JavaThread "Timer-5"                           [_thread_blocked, id=4464, stack(0x00000026f8d00000,0x00000026f8e00000) (1024K)]
  0x0000021375eaf3f0 JavaThread "Timer-6"                           [_thread_blocked, id=8708, stack(0x00000026f8f00000,0x00000026f9000000) (1024K)]
  0x00000213746dc380 JavaThread "Timer-7"                           [_thread_blocked, id=31240, stack(0x00000026f9000000,0x00000026f9100000) (1024K)]
  0x0000021375eb14c0 JavaThread "Timer-8"                           [_thread_blocked, id=16156, stack(0x00000026f6200000,0x00000026f6300000) (1024K)]
  0x0000021375eafa80 JavaThread "Timer-9"                           [_thread_blocked, id=620, stack(0x00000026f7c00000,0x00000026f7d00000) (1024K)]
  0x0000021375eab8e0 JavaThread "ForkJoinPool.commonPool-worker-1" daemon [_thread_blocked, id=19388, stack(0x00000026f7f00000,0x00000026f8000000) (1024K)]
  0x0000021375eae040 JavaThread "ForkJoinPool.commonPool-worker-2" daemon [_thread_blocked, id=30208, stack(0x00000026f8000000,0x00000026f8100000) (1024K)]
  0x0000021375eb07a0 JavaThread "ForkJoinPool.commonPool-worker-3" daemon [_thread_blocked, id=28204, stack(0x00000026f8100000,0x00000026f8200000) (1024K)]
  0x0000021375eacc90 JavaThread "Worker-6"                          [_thread_blocked, id=22888, stack(0x00000026f8200000,0x00000026f8300000) (1024K)]
  0x0000021375ead320 JavaThread "Timer-10"                          [_thread_blocked, id=1556, stack(0x00000026f8300000,0x00000026f8400000) (1024K)]
  0x0000021375eaed60 JavaThread "Timer-11"                          [_thread_blocked, id=12556, stack(0x00000026f8400000,0x00000026f8500000) (1024K)]
Total: 61

Other Threads:
  0x00000213143e6980 VMThread "VM Thread"                           [id=19728, stack(0x00000026f4200000,0x00000026f4300000) (1024K)]
  0x00000213142dca00 WatcherThread "VM Periodic Task Thread"        [id=2256, stack(0x00000026f4100000,0x00000026f4200000) (1024K)]
  0x000002131446e7c0 WorkerThread "GC Thread#0"                     [id=20440, stack(0x00000026f4000000,0x00000026f4100000) (1024K)]
  0x000002136e898f20 WorkerThread "GC Thread#1"                     [id=31148, stack(0x00000026f4f00000,0x00000026f5000000) (1024K)]
  0x000002136e886700 WorkerThread "GC Thread#2"                     [id=21372, stack(0x00000026f5000000,0x00000026f5100000) (1024K)]
  0x000002136e886ab0 WorkerThread "GC Thread#3"                     [id=11576, stack(0x00000026f5100000,0x00000026f5200000) (1024K)]
  0x000002136e886e60 WorkerThread "GC Thread#4"                     [id=13052, stack(0x00000026f5200000,0x00000026f5300000) (1024K)]
  0x000002136e8992d0 WorkerThread "GC Thread#5"                     [id=8824, stack(0x00000026f5300000,0x00000026f5400000) (1024K)]
  0x000002136e899680 WorkerThread "GC Thread#6"                     [id=20524, stack(0x00000026f5400000,0x00000026f5500000) (1024K)]
  0x000002136e79c010 WorkerThread "GC Thread#7"                     [id=29072, stack(0x00000026f4c00000,0x00000026f4d00000) (1024K)]
  0x000002137348a7e0 WorkerThread "GC Thread#8"                     [id=13980, stack(0x00000026f5900000,0x00000026f5a00000) (1024K)]
  0x000002137348ab90 WorkerThread "GC Thread#9"                     [id=19648, stack(0x00000026f5a00000,0x00000026f5b00000) (1024K)]
Total: 12

Threads with active compile tasks:
C2 CompilerThread0  91326 8676       4       java.lang.String::encodeUTF8_UTF16 (372 bytes)
Total: 1

VM state: not at safepoint (normal execution)

VM Mutex/Monitor currently owned by a thread: None

Heap address: 0x0000000080000000, size: 2048 MB, Compressed Oops mode: 32-bit

CDS archive(s) mapped at: [0x000002132b000000-0x000002132bba0000-0x000002132bba0000), size 12189696, SharedBaseAddress: 0x000002132b000000, ArchiveRelocationMode: 1.
Compressed class space mapped at: 0x000002132c000000-0x000002136c000000, reserved size: 1073741824
Narrow klass base: 0x000002132b000000, Narrow klass shift: 0, Narrow klass range: 0x100000000

GC Precious Log:
 CardTable entry size: 512
 CPUs: 12 total, 12 available
 Memory: 16076M
 Large Page Support: Disabled
 NUMA Support: Disabled
 Compressed Oops: Enabled (32-bit)
 Alignments: Space 512K, Generation 512K, Heap 2M
 Heap Min Capacity: 100M
 Heap Initial Capacity: 100M
 Heap Max Capacity: 2G
 Pre-touch: Disabled
 Parallel Workers: 10

Heap:
 PSYoungGen      total 19456K, used 15729K [0x00000000d5580000, 0x00000000d6900000, 0x0000000100000000)
  eden space 18432K, 83% used [0x00000000d5580000,0x00000000d64844a8,0x00000000d6780000)
  from space 1024K, 34% used [0x00000000d6780000,0x00000000d67d8000,0x00000000d6880000)
  to   space 512K, 0% used [0x00000000d6880000,0x00000000d6880000,0x00000000d6900000)
 ParOldGen       total 68608K, used 44604K [0x0000000080000000, 0x0000000084300000, 0x00000000d5580000)
  object space 68608K, 65% used [0x0000000080000000,0x0000000082b8f2e0,0x0000000084300000)
 Metaspace       used 68603K, committed 70016K, reserved 1114112K
  class space    used 8622K, committed 9216K, reserved 1048576K

Card table byte_map: [0x0000021313df0000,0x0000021314200000] _byte_map_base: 0x00000213139f0000

Marking Bits: (ParMarkBitMap*) 0x00007ffccb053450
 Begin Bits: [0x0000021326900000, 0x0000021328900000)
 End Bits:   [0x0000021328900000, 0x000002132a900000)

Polling page: 0x0000021312000000

Metaspace:

Usage:
  Non-class:     58.58 MB used.
      Class:      8.42 MB used.
       Both:     67.00 MB used.

Virtual space:
  Non-class space:       64.00 MB reserved,      59.38 MB ( 93%) committed,  1 nodes.
      Class space:        1.00 GB reserved,       9.00 MB ( <1%) committed,  1 nodes.
             Both:        1.06 GB reserved,      68.38 MB (  6%) committed. 

Chunk freelists:
   Non-Class:  4.48 MB
       Class:  6.85 MB
        Both:  11.33 MB

MaxMetaspaceSize: unlimited
CompressedClassSpaceSize: 1.00 GB
Initial GC threshold: 21.00 MB
Current GC threshold: 97.31 MB
CDS: on
 - commit_granule_bytes: 65536.
 - commit_granule_words: 8192.
 - virtual_space_node_default_size: 8388608.
 - enlarge_chunks_in_place: 1.
 - use_allocation_guard: 0.


Internal statistics:

num_allocs_failed_limit: 9.
num_arena_births: 1142.
num_arena_deaths: 14.
num_vsnodes_births: 2.
num_vsnodes_deaths: 0.
num_space_committed: 1094.
num_space_uncommitted: 0.
num_chunks_returned_to_freelist: 23.
num_chunks_taken_from_freelist: 4122.
num_chunk_merges: 12.
num_chunk_splits: 2536.
num_chunks_enlarged: 1456.
num_inconsistent_stats: 0.

CodeHeap 'non-profiled nmethods': size=120000Kb used=5712Kb max_used=5712Kb free=114287Kb
 bounds [0x000002131f120000, 0x000002131f6c0000, 0x0000021326650000]
CodeHeap 'profiled nmethods': size=120000Kb used=15836Kb max_used=15836Kb free=104163Kb
 bounds [0x0000021317650000, 0x00000213185d0000, 0x000002131eb80000]
CodeHeap 'non-nmethods': size=5760Kb used=1428Kb max_used=1477Kb free=4331Kb
 bounds [0x000002131eb80000, 0x000002131edf0000, 0x000002131f120000]
CodeCache: size=245760Kb, used=22976Kb, max_used=23025Kb, free=222781Kb
 total_blobs=8563, nmethods=7833, adapters=636, full_count=0
Compilation: enabled, stopped_count=0, restarted_count=0

Compilation events (20 events):
Event: 68.418 Thread 0x0000021314501b70 nmethod 8666% 0x000002131f6b2c10 code [0x000002131f6b2e00, 0x000002131f6b3518]
Event: 68.657 Thread 0x0000021314505380 8668       3       java.util.concurrent.ThreadPoolExecutor::execute (132 bytes)
Event: 68.659 Thread 0x0000021314505380 nmethod 8668 0x00000213185c3d10 code [0x00000213185c3fc0, 0x00000213185c4c78]
Event: 69.758 Thread 0x0000021314505380 8669       3       com.esotericsoftware.kryo.io.Input::readVarInt (192 bytes)
Event: 69.759 Thread 0x0000021314505380 nmethod 8669 0x00000213185c5090 code [0x00000213185c5260, 0x00000213185c56c0]
Event: 71.817 Thread 0x0000021314505380 8670       3       com.esotericsoftware.kryo.io.Input::readUtf8 (90 bytes)
Event: 71.818 Thread 0x0000021314505380 nmethod 8670 0x00000213185c5890 code [0x00000213185c5a80, 0x00000213185c5e78]
Event: 74.768 Thread 0x0000021314501b70 8671       4       java.util.TaskQueue::getMin (7 bytes)
Event: 74.769 Thread 0x0000021314501b70 nmethod 8671 0x000002131f6b3990 code [0x000002131f6b3b20, 0x000002131f6b3be8]
Event: 84.695 Thread 0x0000021314505380 8672       1       org.gradle.internal.logging.slf4j.BuildOperationAwareLogger::isTraceEnabled (2 bytes)
Event: 84.695 Thread 0x0000021314505380 nmethod 8672 0x000002131f6b3c90 code [0x000002131f6b3e20, 0x000002131f6b3ee8]
Event: 91.255 Thread 0x0000021314501b70 8673       4       java.util.LinkedList::checkPositionIndex (22 bytes)
Event: 91.256 Thread 0x0000021314501b70 nmethod 8673 0x000002131f6b3f90 code [0x000002131f6b4120, 0x000002131f6b41f0]
Event: 91.264 Thread 0x0000021314505380 8674       3       com.google.gson.stream.JsonWriter::beginObject (12 bytes)
Event: 91.264 Thread 0x0000021314501b70 8676       4       java.lang.String::encodeUTF8_UTF16 (372 bytes)
Event: 91.264 Thread 0x0000021314505380 nmethod 8674 0x00000213185c6090 code [0x00000213185c62a0, 0x00000213185c66a0]
Event: 91.264 Thread 0x0000021314505380 8677       3       java.nio.Bits::tryReserveMemory (52 bytes)
Event: 91.265 Thread 0x0000021314505380 nmethod 8677 0x00000213185c6890 code [0x00000213185c6a80, 0x00000213185c6da8]
Event: 91.265 Thread 0x0000021314505380 8675       3       com.google.gson.stream.JsonWriter::endObject (9 bytes)
Event: 91.265 Thread 0x0000021314505380 nmethod 8675 0x00000213185c6f10 code [0x00000213185c70c0, 0x00000213185c7210]

GC Heap History (20 events):
Event: 48.045 GC heap before
{Heap before GC invocations=41 (full 3):
 PSYoungGen      total 20992K, used 20758K [0x00000000d5580000, 0x00000000d6b80000, 0x0000000100000000)
  eden space 19456K, 100% used [0x00000000d5580000,0x00000000d6880000,0x00000000d6880000)
  from space 1536K, 84% used [0x00000000d6880000,0x00000000d69c59c0,0x00000000d6a00000)
  to   space 1536K, 0% used [0x00000000d6a00000,0x00000000d6a00000,0x00000000d6b80000)
 ParOldGen       total 68608K, used 42457K [0x0000000080000000, 0x0000000084300000, 0x00000000d5580000)
  object space 68608K, 61% used [0x0000000080000000,0x0000000082976440,0x0000000084300000)
 Metaspace       used 65479K, committed 66752K, reserved 1114112K
  class space    used 8228K, committed 8768K, reserved 1048576K
}
Event: 48.047 GC heap after
{Heap after GC invocations=41 (full 3):
 PSYoungGen      total 20992K, used 913K [0x00000000d5580000, 0x00000000d6b80000, 0x0000000100000000)
  eden space 19456K, 0% used [0x00000000d5580000,0x00000000d5580000,0x00000000d6880000)
  from space 1536K, 59% used [0x00000000d6a00000,0x00000000d6ae4558,0x00000000d6b80000)
  to   space 1536K, 0% used [0x00000000d6880000,0x00000000d6880000,0x00000000d6a00000)
 ParOldGen       total 68608K, used 42537K [0x0000000080000000, 0x0000000084300000, 0x00000000d5580000)
  object space 68608K, 62% used [0x0000000080000000,0x000000008298a440,0x0000000084300000)
 Metaspace       used 65479K, committed 66752K, reserved 1114112K
  class space    used 8228K, committed 8768K, reserved 1048576K
}
Event: 48.247 GC heap before
{Heap before GC invocations=42 (full 3):
 PSYoungGen      total 20992K, used 20369K [0x00000000d5580000, 0x00000000d6b80000, 0x0000000100000000)
  eden space 19456K, 100% used [0x00000000d5580000,0x00000000d6880000,0x00000000d6880000)
  from space 1536K, 59% used [0x00000000d6a00000,0x00000000d6ae4558,0x00000000d6b80000)
  to   space 1536K, 0% used [0x00000000d6880000,0x00000000d6880000,0x00000000d6a00000)
 ParOldGen       total 68608K, used 42537K [0x0000000080000000, 0x0000000084300000, 0x00000000d5580000)
  object space 68608K, 62% used [0x0000000080000000,0x000000008298a440,0x0000000084300000)
 Metaspace       used 65479K, committed 66752K, reserved 1114112K
  class space    used 8228K, committed 8768K, reserved 1048576K
}
Event: 48.248 GC heap after
{Heap after GC invocations=42 (full 3):
 PSYoungGen      total 19968K, used 458K [0x00000000d5580000, 0x00000000d6a80000, 0x0000000100000000)
  eden space 19456K, 0% used [0x00000000d5580000,0x00000000d5580000,0x00000000d6880000)
  from space 512K, 89% used [0x00000000d6880000,0x00000000d68f2800,0x00000000d6900000)
  to   space 1024K, 0% used [0x00000000d6980000,0x00000000d6980000,0x00000000d6a80000)
 ParOldGen       total 68608K, used 42593K [0x0000000080000000, 0x0000000084300000, 0x00000000d5580000)
  object space 68608K, 62% used [0x0000000080000000,0x0000000082998440,0x0000000084300000)
 Metaspace       used 65479K, committed 66752K, reserved 1114112K
  class space    used 8228K, committed 8768K, reserved 1048576K
}
Event: 48.475 GC heap before
{Heap before GC invocations=43 (full 3):
 PSYoungGen      total 19968K, used 19914K [0x00000000d5580000, 0x00000000d6a80000, 0x0000000100000000)
  eden space 19456K, 100% used [0x00000000d5580000,0x00000000d6880000,0x00000000d6880000)
  from space 512K, 89% used [0x00000000d6880000,0x00000000d68f2800,0x00000000d6900000)
  to   space 1024K, 0% used [0x00000000d6980000,0x00000000d6980000,0x00000000d6a80000)
 ParOldGen       total 68608K, used 42593K [0x0000000080000000, 0x0000000084300000, 0x00000000d5580000)
  object space 68608K, 62% used [0x0000000080000000,0x0000000082998440,0x0000000084300000)
 Metaspace       used 65479K, committed 66752K, reserved 1114112K
  class space    used 8228K, committed 8768K, reserved 1048576K
}
Event: 48.476 GC heap after
{Heap after GC invocations=43 (full 3):
 PSYoungGen      total 19968K, used 384K [0x00000000d5580000, 0x00000000d6a00000, 0x0000000100000000)
  eden space 19456K, 0% used [0x00000000d5580000,0x00000000d5580000,0x00000000d6880000)
  from space 512K, 75% used [0x00000000d6980000,0x00000000d69e0000,0x00000000d6a00000)
  to   space 512K, 0% used [0x00000000d6880000,0x00000000d6880000,0x00000000d6900000)
 ParOldGen       total 68608K, used 42641K [0x0000000080000000, 0x0000000084300000, 0x00000000d5580000)
  object space 68608K, 62% used [0x0000000080000000,0x00000000829a4440,0x0000000084300000)
 Metaspace       used 65479K, committed 66752K, reserved 1114112K
  class space    used 8228K, committed 8768K, reserved 1048576K
}
Event: 48.694 GC heap before
{Heap before GC invocations=44 (full 3):
 PSYoungGen      total 19968K, used 19840K [0x00000000d5580000, 0x00000000d6a00000, 0x0000000100000000)
  eden space 19456K, 100% used [0x00000000d5580000,0x00000000d6880000,0x00000000d6880000)
  from space 512K, 75% used [0x00000000d6980000,0x00000000d69e0000,0x00000000d6a00000)
  to   space 512K, 0% used [0x00000000d6880000,0x00000000d6880000,0x00000000d6900000)
 ParOldGen       total 68608K, used 42641K [0x0000000080000000, 0x0000000084300000, 0x00000000d5580000)
  object space 68608K, 62% used [0x0000000080000000,0x00000000829a4440,0x0000000084300000)
 Metaspace       used 65479K, committed 66752K, reserved 1114112K
  class space    used 8228K, committed 8768K, reserved 1048576K
}
Event: 48.696 GC heap after
{Heap after GC invocations=44 (full 3):
 PSYoungGen      total 19968K, used 497K [0x00000000d5580000, 0x00000000d6a80000, 0x0000000100000000)
  eden space 19456K, 0% used [0x00000000d5580000,0x00000000d5580000,0x00000000d6880000)
  from space 512K, 97% used [0x00000000d6880000,0x00000000d68fc4b8,0x00000000d6900000)
  to   space 1024K, 0% used [0x00000000d6980000,0x00000000d6980000,0x00000000d6a80000)
 ParOldGen       total 68608K, used 42871K [0x0000000080000000, 0x0000000084300000, 0x00000000d5580000)
  object space 68608K, 62% used [0x0000000080000000,0x00000000829ddfa8,0x0000000084300000)
 Metaspace       used 65479K, committed 66752K, reserved 1114112K
  class space    used 8228K, committed 8768K, reserved 1048576K
}
Event: 48.910 GC heap before
{Heap before GC invocations=45 (full 3):
 PSYoungGen      total 19968K, used 19953K [0x00000000d5580000, 0x00000000d6a80000, 0x0000000100000000)
  eden space 19456K, 100% used [0x00000000d5580000,0x00000000d6880000,0x00000000d6880000)
  from space 512K, 97% used [0x00000000d6880000,0x00000000d68fc4b8,0x00000000d6900000)
  to   space 1024K, 0% used [0x00000000d6980000,0x00000000d6980000,0x00000000d6a80000)
 ParOldGen       total 68608K, used 42871K [0x0000000080000000, 0x0000000084300000, 0x00000000d5580000)
  object space 68608K, 62% used [0x0000000080000000,0x00000000829ddfa8,0x0000000084300000)
 Metaspace       used 65479K, committed 66752K, reserved 1114112K
  class space    used 8228K, committed 8768K, reserved 1048576K
}
Event: 48.912 GC heap after
{Heap after GC invocations=45 (full 3):
 PSYoungGen      total 19968K, used 1006K [0x00000000d5580000, 0x00000000d6b80000, 0x0000000100000000)
  eden space 18944K, 0% used [0x00000000d5580000,0x00000000d5580000,0x00000000d6800000)
  from space 1024K, 98% used [0x00000000d6980000,0x00000000d6a7ba70,0x00000000d6a80000)
  to   space 1536K, 0% used [0x00000000d6800000,0x00000000d6800000,0x00000000d6980000)
 ParOldGen       total 68608K, used 43149K [0x0000000080000000, 0x0000000084300000, 0x00000000d5580000)
  object space 68608K, 62% used [0x0000000080000000,0x0000000082a23528,0x0000000084300000)
 Metaspace       used 65479K, committed 66752K, reserved 1114112K
  class space    used 8228K, committed 8768K, reserved 1048576K
}
Event: 52.581 GC heap before
{Heap before GC invocations=46 (full 3):
 PSYoungGen      total 19968K, used 19950K [0x00000000d5580000, 0x00000000d6b80000, 0x0000000100000000)
  eden space 18944K, 100% used [0x00000000d5580000,0x00000000d6800000,0x00000000d6800000)
  from space 1024K, 98% used [0x00000000d6980000,0x00000000d6a7ba70,0x00000000d6a80000)
  to   space 1536K, 0% used [0x00000000d6800000,0x00000000d6800000,0x00000000d6980000)
 ParOldGen       total 68608K, used 43149K [0x0000000080000000, 0x0000000084300000, 0x00000000d5580000)
  object space 68608K, 62% used [0x0000000080000000,0x0000000082a23528,0x0000000084300000)
 Metaspace       used 66660K, committed 67904K, reserved 1114112K
  class space    used 8398K, committed 8960K, reserved 1048576K
}
Event: 52.582 GC heap after
{Heap after GC invocations=46 (full 3):
 PSYoungGen      total 19456K, used 416K [0x00000000d5580000, 0x00000000d6a00000, 0x0000000100000000)
  eden space 18944K, 0% used [0x00000000d5580000,0x00000000d5580000,0x00000000d6800000)
  from space 512K, 81% used [0x00000000d6800000,0x00000000d6868000,0x00000000d6880000)
  to   space 1024K, 0% used [0x00000000d6900000,0x00000000d6900000,0x00000000d6a00000)
 ParOldGen       total 68608K, used 43213K [0x0000000080000000, 0x0000000084300000, 0x00000000d5580000)
  object space 68608K, 62% used [0x0000000080000000,0x0000000082a33528,0x0000000084300000)
 Metaspace       used 66660K, committed 67904K, reserved 1114112K
  class space    used 8398K, committed 8960K, reserved 1048576K
}
Event: 61.481 GC heap before
{Heap before GC invocations=47 (full 3):
 PSYoungGen      total 19456K, used 19360K [0x00000000d5580000, 0x00000000d6a00000, 0x0000000100000000)
  eden space 18944K, 100% used [0x00000000d5580000,0x00000000d6800000,0x00000000d6800000)
  from space 512K, 81% used [0x00000000d6800000,0x00000000d6868000,0x00000000d6880000)
  to   space 1024K, 0% used [0x00000000d6900000,0x00000000d6900000,0x00000000d6a00000)
 ParOldGen       total 68608K, used 43213K [0x0000000080000000, 0x0000000084300000, 0x00000000d5580000)
  object space 68608K, 62% used [0x0000000080000000,0x0000000082a33528,0x0000000084300000)
 Metaspace       used 67477K, committed 68800K, reserved 1114112K
  class space    used 8505K, committed 9088K, reserved 1048576K
}
Event: 61.486 GC heap after
{Heap after GC invocations=47 (full 3):
 PSYoungGen      total 19456K, used 1020K [0x00000000d5580000, 0x00000000d6b00000, 0x0000000100000000)
  eden space 18432K, 0% used [0x00000000d5580000,0x00000000d5580000,0x00000000d6780000)
  from space 1024K, 99% used [0x00000000d6900000,0x00000000d69ff228,0x00000000d6a00000)
  to   space 1536K, 0% used [0x00000000d6780000,0x00000000d6780000,0x00000000d6900000)
 ParOldGen       total 68608K, used 43477K [0x0000000080000000, 0x0000000084300000, 0x00000000d5580000)
  object space 68608K, 63% used [0x0000000080000000,0x0000000082a75528,0x0000000084300000)
 Metaspace       used 67477K, committed 68800K, reserved 1114112K
  class space    used 8505K, committed 9088K, reserved 1048576K
}
Event: 63.167 GC heap before
{Heap before GC invocations=48 (full 3):
 PSYoungGen      total 19456K, used 19452K [0x00000000d5580000, 0x00000000d6b00000, 0x0000000100000000)
  eden space 18432K, 100% used [0x00000000d5580000,0x00000000d6780000,0x00000000d6780000)
  from space 1024K, 99% used [0x00000000d6900000,0x00000000d69ff228,0x00000000d6a00000)
  to   space 1536K, 0% used [0x00000000d6780000,0x00000000d6780000,0x00000000d6900000)
 ParOldGen       total 68608K, used 43477K [0x0000000080000000, 0x0000000084300000, 0x00000000d5580000)
  object space 68608K, 63% used [0x0000000080000000,0x0000000082a75528,0x0000000084300000)
 Metaspace       used 67588K, committed 68928K, reserved 1114112K
  class space    used 8512K, committed 9088K, reserved 1048576K
}
Event: 63.169 GC heap after
{Heap after GC invocations=48 (full 3):
 PSYoungGen      total 18944K, used 320K [0x00000000d5580000, 0x00000000d6980000, 0x0000000100000000)
  eden space 18432K, 0% used [0x00000000d5580000,0x00000000d5580000,0x00000000d6780000)
  from space 512K, 62% used [0x00000000d6780000,0x00000000d67d0000,0x00000000d6800000)
  to   space 1024K, 0% used [0x00000000d6880000,0x00000000d6880000,0x00000000d6980000)
 ParOldGen       total 68608K, used 44105K [0x0000000080000000, 0x0000000084300000, 0x00000000d5580000)
  object space 68608K, 64% used [0x0000000080000000,0x0000000082b12730,0x0000000084300000)
 Metaspace       used 67588K, committed 68928K, reserved 1114112K
  class space    used 8512K, committed 9088K, reserved 1048576K
}
Event: 63.598 GC heap before
{Heap before GC invocations=49 (full 3):
 PSYoungGen      total 18944K, used 18752K [0x00000000d5580000, 0x00000000d6980000, 0x0000000100000000)
  eden space 18432K, 100% used [0x00000000d5580000,0x00000000d6780000,0x00000000d6780000)
  from space 512K, 62% used [0x00000000d6780000,0x00000000d67d0000,0x00000000d6800000)
  to   space 1024K, 0% used [0x00000000d6880000,0x00000000d6880000,0x00000000d6980000)
 ParOldGen       total 68608K, used 44105K [0x0000000080000000, 0x0000000084300000, 0x00000000d5580000)
  object space 68608K, 64% used [0x0000000080000000,0x0000000082b12730,0x0000000084300000)
 Metaspace       used 68249K, committed 69696K, reserved 1114112K
  class space    used 8589K, committed 9216K, reserved 1048576K
}
Event: 63.600 GC heap after
{Heap after GC invocations=49 (full 3):
 PSYoungGen      total 19456K, used 664K [0x00000000d5580000, 0x00000000d6980000, 0x0000000100000000)
  eden space 18432K, 0% used [0x00000000d5580000,0x00000000d5580000,0x00000000d6780000)
  from space 1024K, 64% used [0x00000000d6880000,0x00000000d69261a8,0x00000000d6980000)
  to   space 1024K, 0% used [0x00000000d6780000,0x00000000d6780000,0x00000000d6880000)
 ParOldGen       total 68608K, used 44185K [0x0000000080000000, 0x0000000084300000, 0x00000000d5580000)
  object space 68608K, 64% used [0x0000000080000000,0x0000000082b26730,0x0000000084300000)
 Metaspace       used 68249K, committed 69696K, reserved 1114112K
  class space    used 8589K, committed 9216K, reserved 1048576K
}
Event: 64.170 GC heap before
{Heap before GC invocations=50 (full 3):
 PSYoungGen      total 19456K, used 19096K [0x00000000d5580000, 0x00000000d6980000, 0x0000000100000000)
  eden space 18432K, 100% used [0x00000000d5580000,0x00000000d6780000,0x00000000d6780000)
  from space 1024K, 64% used [0x00000000d6880000,0x00000000d69261a8,0x00000000d6980000)
  to   space 1024K, 0% used [0x00000000d6780000,0x00000000d6780000,0x00000000d6880000)
 ParOldGen       total 68608K, used 44185K [0x0000000080000000, 0x0000000084300000, 0x00000000d5580000)
  object space 68608K, 64% used [0x0000000080000000,0x0000000082b26730,0x0000000084300000)
 Metaspace       used 68280K, committed 69760K, reserved 1114112K
  class space    used 8592K, committed 9216K, reserved 1048576K
}
Event: 64.173 GC heap after
{Heap after GC invocations=50 (full 3):
 PSYoungGen      total 19456K, used 352K [0x00000000d5580000, 0x00000000d6900000, 0x0000000100000000)
  eden space 18432K, 0% used [0x00000000d5580000,0x00000000d5580000,0x00000000d6780000)
  from space 1024K, 34% used [0x00000000d6780000,0x00000000d67d8000,0x00000000d6880000)
  to   space 512K, 0% used [0x00000000d6880000,0x00000000d6880000,0x00000000d6900000)
 ParOldGen       total 68608K, used 44604K [0x0000000080000000, 0x0000000084300000, 0x00000000d5580000)
  object space 68608K, 65% used [0x0000000080000000,0x0000000082b8f2e0,0x0000000084300000)
 Metaspace       used 68280K, committed 69760K, reserved 1114112K
  class space    used 8592K, committed 9216K, reserved 1048576K
}

Dll operation events (15 events):
Event: 0.015 Loaded shared library c:\Users\Chandana\.vscode\extensions\redhat.java-1.54.0-win32-x64\jre\21.0.10-win32-x86_64\bin\java.dll
Event: 0.087 Loaded shared library c:\Users\Chandana\.vscode\extensions\redhat.java-1.54.0-win32-x64\jre\21.0.10-win32-x86_64\bin\zip.dll
Event: 0.105 Loaded shared library C:\Users\Chandana\.vscode\extensions\redhat.java-1.54.0-win32-x64\jre\21.0.10-win32-x86_64\bin\instrument.dll
Event: 0.110 Loaded shared library C:\Users\Chandana\.vscode\extensions\redhat.java-1.54.0-win32-x64\jre\21.0.10-win32-x86_64\bin\net.dll
Event: 0.113 Loaded shared library C:\Users\Chandana\.vscode\extensions\redhat.java-1.54.0-win32-x64\jre\21.0.10-win32-x86_64\bin\nio.dll
Event: 0.116 Loaded shared library C:\Users\Chandana\.vscode\extensions\redhat.java-1.54.0-win32-x64\jre\21.0.10-win32-x86_64\bin\zip.dll
Event: 0.134 Loaded shared library C:\Users\Chandana\.vscode\extensions\redhat.java-1.54.0-win32-x64\jre\21.0.10-win32-x86_64\bin\jimage.dll
Event: 0.226 Loaded shared library c:\Users\Chandana\.vscode\extensions\redhat.java-1.54.0-win32-x64\jre\21.0.10-win32-x86_64\bin\verify.dll
Event: 15.433 Loaded shared library C:\Users\Chandana\AppData\Roaming\Code\User\globalStorage\redhat.java\1.54.0\config_win\org.eclipse.equinox.launcher\org.eclipse.equinox.launcher.win32.win32.x86_64_1.3.0.v20260203-2149\eclipse_11919.dll
Event: 31.913 Loaded shared library C:\Users\Chandana\AppData\Local\Temp\jna-1496968546\jna10532927161029613962.dll
Event: 33.750 Loaded shared library C:\Users\Chandana\.vscode\extensions\redhat.java-1.54.0-win32-x64\jre\21.0.10-win32-x86_64\bin\sunmscapi.dll
Event: 34.262 Loaded shared library C:\Users\Chandana\.vscode\extensions\redhat.java-1.54.0-win32-x64\jre\21.0.10-win32-x86_64\bin\extnet.dll
Event: 37.976 Loaded shared library C:\Users\Chandana\.gradle\native\68d5fa5c4cc2d200863cafc0d521ce42e7d3e7ee720ec0a83991735586a16f82\windows-amd64\native-platform.dll
Event: 42.306 Loaded shared library C:\Users\Chandana\.vscode\extensions\redhat.java-1.54.0-win32-x64\jre\21.0.10-win32-x86_64\bin\management.dll
Event: 42.437 Loaded shared library C:\Users\Chandana\.vscode\extensions\redhat.java-1.54.0-win32-x64\jre\21.0.10-win32-x86_64\bin\management_ext.dll

Deoptimization events (20 events):
Event: 64.880 Thread 0x0000021375eab8e0 Uncommon trap: trap_request=0xffffffc6 fr.pc=0x000002131f640be0 relative=0x00000000000000c0
Event: 64.880 Thread 0x0000021375eab8e0 Uncommon trap: reason=bimorphic_or_optimized_type_check action=maybe_recompile pc=0x000002131f640be0 method=org.eclipse.core.internal.resources.Resource.exists(IZ)Z @ 14 c2
Event: 64.880 Thread 0x0000021375eab8e0 DEOPT PACKING pc=0x000002131f640be0 sp=0x00000026f7ffe480
Event: 64.880 Thread 0x0000021375eab8e0 DEOPT UNPACKING pc=0x000002131ebd3aa2 sp=0x00000026f7ffe400 mode 2
Event: 64.904 Thread 0x0000021375eab8e0 Uncommon trap: trap_request=0xffffffde fr.pc=0x000002131f260e70 relative=0x0000000000000490
Event: 64.904 Thread 0x0000021375eab8e0 Uncommon trap: reason=class_check action=maybe_recompile pc=0x000002131f260e70 method=java.util.AbstractMap.hashCode()I @ 3 c2
Event: 64.904 Thread 0x0000021375eab8e0 DEOPT PACKING pc=0x000002131f260e70 sp=0x00000026f7ffe650
Event: 64.904 Thread 0x0000021375eab8e0 DEOPT UNPACKING pc=0x000002131ebd3aa2 sp=0x00000026f7ffe5f8 mode 2
Event: 68.375 Thread 0x00000213753ae950 Uncommon trap: trap_request=0xffffffbe fr.pc=0x000002131f3c28c8 relative=0x00000000000011c8
Event: 68.375 Thread 0x00000213753ae950 Uncommon trap: reason=profile_predicate action=maybe_recompile pc=0x000002131f3c28c8 method=java.util.regex.Pattern$Slice.match(Ljava/util/regex/Matcher;ILjava/lang/CharSequence;)Z @ 18 c2
Event: 68.375 Thread 0x00000213753ae950 DEOPT PACKING pc=0x000002131f3c28c8 sp=0x00000026f88fe820
Event: 68.375 Thread 0x00000213753ae950 DEOPT UNPACKING pc=0x000002131ebd3aa2 sp=0x00000026f88fe7c0 mode 2
Event: 91.260 Thread 0x0000021375eac600 Uncommon trap: trap_request=0xffffff45 fr.pc=0x000002131f581f58 relative=0x0000000000001458
Event: 91.260 Thread 0x0000021375eac600 Uncommon trap: reason=unstable_if action=reinterpret pc=0x000002131f581f58 method=java.net.URI.appendAuthority(Ljava/lang/StringBuilder;Ljava/lang/String;Ljava/lang/String;Ljava/lang/String;I)V @ 130 c2
Event: 91.260 Thread 0x0000021375eac600 DEOPT PACKING pc=0x000002131f581f58 sp=0x00000026f85fe4e0
Event: 91.260 Thread 0x0000021375eac600 DEOPT UNPACKING pc=0x000002131ebd3aa2 sp=0x00000026f85fe3a0 mode 2
Event: 91.265 Thread 0x00000213746e18d0 Uncommon trap: trap_request=0xffffffde fr.pc=0x000002131f260e70 relative=0x0000000000000490
Event: 91.265 Thread 0x00000213746e18d0 Uncommon trap: reason=class_check action=maybe_recompile pc=0x000002131f260e70 method=java.util.AbstractMap.hashCode()I @ 3 c2
Event: 91.265 Thread 0x00000213746e18d0 DEOPT PACKING pc=0x000002131f260e70 sp=0x00000026f73fe820
Event: 91.265 Thread 0x00000213746e18d0 DEOPT UNPACKING pc=0x000002131ebd3aa2 sp=0x00000026f73fe7c8 mode 2

Classes loaded (20 events):
Event: 63.281 Loading class java/util/Collections$SynchronizedList done
Event: 63.281 Loading class java/util/Collections$SynchronizedRandomAccessList done
Event: 63.307 Loading class java/util/concurrent/CompletableFuture$Signaller
Event: 63.307 Loading class java/util/concurrent/CompletableFuture$Signaller done
Event: 63.333 Loading class java/util/ArrayDeque$DeqSpliterator
Event: 63.334 Loading class java/util/ArrayDeque$DeqSpliterator done
Event: 63.334 Loading class sun/nio/ch/ChannelOutputStream
Event: 63.335 Loading class sun/nio/ch/ChannelOutputStream done
Event: 63.336 Loading class sun/nio/fs/WindowsFileCopy
Event: 63.337 Loading class sun/nio/fs/WindowsFileCopy done
Event: 63.348 Loading class java/util/concurrent/CompletableFuture$UniApply
Event: 63.349 Loading class java/util/concurrent/CompletableFuture$UniCompletion
Event: 63.349 Loading class java/util/concurrent/CompletableFuture$UniCompletion done
Event: 63.349 Loading class java/util/concurrent/CompletableFuture$UniApply done
Event: 63.380 Loading class java/util/concurrent/CompletableFuture$UniAccept
Event: 63.380 Loading class java/util/concurrent/CompletableFuture$UniAccept done
Event: 63.381 Loading class java/util/concurrent/CompletableFuture$UniExceptionally
Event: 63.381 Loading class java/util/concurrent/CompletableFuture$UniExceptionally done
Event: 91.251 Loading class sun/net/ConnectionResetException
Event: 91.252 Loading class sun/net/ConnectionResetException done

Classes unloaded (7 events):
Event: 32.317 Thread 0x00000213143e6980 Unloading class 0x000002132c1a4c00 'java/lang/invoke/LambdaForm$MH+0x000002132c1a4c00'
Event: 32.317 Thread 0x00000213143e6980 Unloading class 0x000002132c1a4800 'java/lang/invoke/LambdaForm$MH+0x000002132c1a4800'
Event: 32.317 Thread 0x00000213143e6980 Unloading class 0x000002132c1a4400 'java/lang/invoke/LambdaForm$MH+0x000002132c1a4400'
Event: 32.317 Thread 0x00000213143e6980 Unloading class 0x000002132c1a4000 'java/lang/invoke/LambdaForm$MH+0x000002132c1a4000'
Event: 32.317 Thread 0x00000213143e6980 Unloading class 0x000002132c1a3c00 'java/lang/invoke/LambdaForm$BMH+0x000002132c1a3c00'
Event: 32.317 Thread 0x00000213143e6980 Unloading class 0x000002132c1a3800 'java/lang/invoke/LambdaForm$DMH+0x000002132c1a3800'
Event: 32.317 Thread 0x00000213143e6980 Unloading class 0x000002132c1a2400 'java/lang/invoke/LambdaForm$DMH+0x000002132c1a2400'

Classes redefined (0 events):
No events

Internal exceptions (20 events):
Event: 63.311 Thread 0x00000213753ad5a0 Exception <a 'sun/nio/fs/WindowsException'{0x00000000d5ce07b8}> (0x00000000d5ce07b8) 
thrown [s\src\hotspot\share\prims\jni.cpp, line 520]
Event: 63.312 Thread 0x00000213753ad5a0 Exception <a 'sun/nio/fs/WindowsException'{0x00000000d5ce1618}> (0x00000000d5ce1618) 
thrown [s\src\hotspot\share\prims\jni.cpp, line 520]
Event: 63.312 Thread 0x00000213753ad5a0 Exception <a 'sun/nio/fs/WindowsException'{0x00000000d5ce1c48}> (0x00000000d5ce1c48) 
thrown [s\src\hotspot\share\prims\jni.cpp, line 520]
Event: 63.312 Thread 0x00000213753ad5a0 Exception <a 'sun/nio/fs/WindowsException'{0x00000000d5ce2990}> (0x00000000d5ce2990) 
thrown [s\src\hotspot\share\prims\jni.cpp, line 520]
Event: 63.313 Thread 0x00000213753ad5a0 Exception <a 'sun/nio/fs/WindowsException'{0x00000000d5cebd08}> (0x00000000d5cebd08) 
thrown [s\src\hotspot\share\prims\jni.cpp, line 520]
Event: 63.320 Thread 0x00000213753ad5a0 Exception <a 'sun/nio/fs/WindowsException'{0x00000000d5d28cb8}> (0x00000000d5d28cb8) 
thrown [s\src\hotspot\share\prims\jni.cpp, line 520]
Event: 63.320 Thread 0x00000213753ad5a0 Exception <a 'sun/nio/fs/WindowsException'{0x00000000d5d29a60}> (0x00000000d5d29a60) 
thrown [s\src\hotspot\share\prims\jni.cpp, line 520]
Event: 63.321 Thread 0x00000213753ad5a0 Exception <a 'sun/nio/fs/WindowsException'{0x00000000d5d2b080}> (0x00000000d5d2b080) 
thrown [s\src\hotspot\share\prims\jni.cpp, line 520]
Event: 63.321 Thread 0x00000213753ad5a0 Exception <a 'sun/nio/fs/WindowsException'{0x00000000d5d2bbc0}> (0x00000000d5d2bbc0) 
thrown [s\src\hotspot\share\prims\jni.cpp, line 520]
Event: 63.324 Thread 0x00000213753ad5a0 Exception <a 'sun/nio/fs/WindowsException'{0x00000000d5d61708}> (0x00000000d5d61708) 
thrown [s\src\hotspot\share\prims\jni.cpp, line 520]
Event: 63.324 Thread 0x00000213753ad5a0 Exception <a 'sun/nio/fs/WindowsException'{0x00000000d5d62478}> (0x00000000d5d62478) 
thrown [s\src\hotspot\share\prims\jni.cpp, line 520]
Event: 63.326 Thread 0x00000213753ad5a0 Exception <a 'sun/nio/fs/WindowsException'{0x00000000d5d63848}> (0x00000000d5d63848) 
thrown [s\src\hotspot\share\prims\jni.cpp, line 520]
Event: 63.327 Thread 0x00000213753ad5a0 Exception <a 'sun/nio/fs/WindowsException'{0x00000000d5d643b0}> (0x00000000d5d643b0) 
thrown [s\src\hotspot\share\prims\jni.cpp, line 520]
Event: 63.328 Thread 0x00000213753ad5a0 Exception <a 'sun/nio/fs/WindowsException'{0x00000000d5d65680}> (0x00000000d5d65680) 
thrown [s\src\hotspot\share\prims\jni.cpp, line 520]
Event: 63.328 Thread 0x00000213753ad5a0 Exception <a 'sun/nio/fs/WindowsException'{0x00000000d5d6eca0}> (0x00000000d5d6eca0) 
thrown [s\src\hotspot\share\prims\jni.cpp, line 520]
Event: 63.332 Thread 0x00000213753ad5a0 Exception <a 'sun/nio/fs/WindowsException'{0x00000000d5d99fc8}> (0x00000000d5d99fc8) 
thrown [s\src\hotspot\share\prims\jni.cpp, line 520]
Event: 63.342 Thread 0x00000213753ad5a0 Exception <a 'java/lang/NoSuchMethodError'{0x00000000d5e26518}: 'java.lang.Object java.lang.invoke.DirectMethodHandle$Holder.invokeStatic(java.lang.Object, java.lang.Object, int, java.lang.Object)'> (0x00000000d5e26518) 
thrown [s\src\hotspot\share\interpreter\linkResolver.cpp, line 773]
Event: 63.345 Thread 0x00000213753ad5a0 Exception <a 'java/lang/NoSuchMethodError'{0x00000000d5e3fb18}: 'java.lang.Object java.lang.invoke.DirectMethodHandle$Holder.newInvokeSpecial(java.lang.Object, java.lang.Object, int)'> (0x00000000d5e3fb18) 
thrown [s\src\hotspot\share\interpreter\linkResolver.cpp, line 773]
Event: 63.377 Thread 0x00000213753ad5a0 Exception <a 'java/lang/IncompatibleClassChangeError'{0x00000000d5fa1710}: Found class java.lang.Object, but interface was expected> (0x00000000d5fa1710) 
thrown [s\src\hotspot\share\interpreter\linkResolver.cpp, line 840]
Event: 91.252 Thread 0x0000021375eac600 Exception <a 'sun/net/ConnectionResetException'{0x00000000d63f9ee8}: Connection reset> (0x00000000d63f9ee8) 
thrown [s\src\hotspot\share\prims\jni.cpp, line 539]

ZGC Phase Switch (0 events):
No events

VM Operations (20 events):
Event: 61.481 Executing safepoint VM operation: ParallelGCFailedAllocation (Allocation Failure)
Event: 61.486 Executing safepoint VM operation: ParallelGCFailedAllocation (Allocation Failure) done
Event: 62.486 Executing safepoint VM operation: Cleanup
Event: 62.487 Executing safepoint VM operation: Cleanup done
Event: 63.166 Executing safepoint VM operation: ParallelGCFailedAllocation (Allocation Failure)
Event: 63.169 Executing safepoint VM operation: ParallelGCFailedAllocation (Allocation Failure) done
Event: 63.270 Executing non-safepoint VM operation: HandshakeAllThreads (Deoptimize)
Event: 63.270 Executing non-safepoint VM operation: HandshakeAllThreads (Deoptimize) done
Event: 63.272 Executing non-safepoint VM operation: HandshakeAllThreads (Deoptimize)
Event: 63.272 Executing non-safepoint VM operation: HandshakeAllThreads (Deoptimize) done
Event: 63.598 Executing safepoint VM operation: ParallelGCFailedAllocation (Allocation Failure)
Event: 63.600 Executing safepoint VM operation: ParallelGCFailedAllocation (Allocation Failure) done
Event: 64.170 Executing safepoint VM operation: ParallelGCFailedAllocation (Allocation Failure)
Event: 64.173 Executing safepoint VM operation: ParallelGCFailedAllocation (Allocation Failure) done
Event: 65.173 Executing safepoint VM operation: Cleanup
Event: 65.173 Executing safepoint VM operation: Cleanup done
Event: 69.176 Executing safepoint VM operation: Cleanup
Event: 69.176 Executing safepoint VM operation: Cleanup done
Event: 74.179 Executing safepoint VM operation: Cleanup
Event: 74.179 Executing safepoint VM operation: Cleanup done

Memory protections (0 events):
No events

Nmethod flushes (20 events):
Event: 43.256 Thread 0x00000213143e6980 flushing  nmethod 0x0000021317db7210
Event: 43.256 Thread 0x00000213143e6980 flushing  nmethod 0x0000021317e1e890
Event: 43.256 Thread 0x00000213143e6980 flushing  nmethod 0x0000021317e41890
Event: 43.256 Thread 0x00000213143e6980 flushing  nmethod 0x0000021317e42f10
Event: 43.256 Thread 0x00000213143e6980 flushing  nmethod 0x0000021317e46e10
Event: 43.256 Thread 0x00000213143e6980 flushing  nmethod 0x0000021317e65f90
Event: 43.256 Thread 0x00000213143e6980 flushing  nmethod 0x0000021317e66510
Event: 43.256 Thread 0x00000213143e6980 flushing  nmethod 0x0000021317e67910
Event: 43.256 Thread 0x00000213143e6980 flushing  nmethod 0x0000021317e6c310
Event: 43.256 Thread 0x00000213143e6980 flushing  nmethod 0x0000021317e6ca10
Event: 43.256 Thread 0x00000213143e6980 flushing  nmethod 0x0000021317e6e110
Event: 43.256 Thread 0x00000213143e6980 flushing  nmethod 0x0000021317e6f210
Event: 43.256 Thread 0x00000213143e6980 flushing  nmethod 0x0000021317e82a10
Event: 43.256 Thread 0x00000213143e6980 flushing  nmethod 0x0000021317e86e90
Event: 43.256 Thread 0x00000213143e6980 flushing  nmethod 0x0000021317e99390
Event: 43.256 Thread 0x00000213143e6980 flushing  nmethod 0x0000021317e99990
Event: 43.256 Thread 0x00000213143e6980 flushing  nmethod 0x0000021317ea6490
Event: 43.256 Thread 0x00000213143e6980 flushing  nmethod 0x0000021317ea9e90
Event: 43.256 Thread 0x00000213143e6980 flushing  nmethod 0x0000021317ec5490
Event: 43.256 Thread 0x00000213143e6980 flushing  nmethod 0x0000021317f19310

Events (20 events):
Event: 64.350 Thread 0x0000021375eae6d0 Thread added: 0x0000021375eabf70
Event: 64.416 Thread 0x0000021375eae6d0 Thread added: 0x00000213753ae950
Event: 64.416 Thread 0x0000021375eae6d0 Thread added: 0x00000213753ac880
Event: 64.416 Thread 0x00000213753ae950 Thread exited: 0x00000213753ae950
Event: 64.461 Thread 0x0000021375eac600 Thread added: 0x00000213753ae950
Event: 64.628 Thread 0x00000213753ae950 Thread added: 0x00000213753abb60
Event: 64.628 Thread 0x00000213753ae950 Thread added: 0x0000021373994330
Event: 64.629 Thread 0x00000213753abb60 Thread exited: 0x00000213753abb60
Event: 64.802 Thread 0x00000213753ac880 Thread exited: 0x00000213753ac880
Event: 64.804 Thread 0x0000021375eabf70 Thread exited: 0x0000021375eabf70
Event: 64.819 Thread 0x0000021375eae6d0 Thread exited: 0x0000021375eae6d0
Event: 68.375 Thread 0x0000021376064290 Thread exited: 0x0000021376064290
Event: 68.376 Thread 0x0000021373994330 Thread exited: 0x0000021373994330
Event: 68.376 Thread 0x00000213753ae950 Thread exited: 0x00000213753ae950
Event: 68.376 Thread 0x0000021376064960 Thread exited: 0x0000021376064960
Event: 68.657 Thread 0x0000021375eac600 Thread added: 0x00000213753abb60
Event: 68.657 Thread 0x0000021375eac600 Thread added: 0x00000213753ac880
Event: 68.658 Thread 0x00000213753abb60 Thread exited: 0x00000213753abb60
Event: 91.260 Thread 0x00000213753ac880 Thread exited: 0x00000213753ac880
Event: 91.261 Thread 0x0000021375eac600 Thread exited: 0x0000021375eac600


Dynamic libraries:
0x00007ff6e37f0000 - 0x00007ff6e37fe000 	c:\Users\Chandana\.vscode\extensions\redhat.java-1.54.0-win32-x64\jre\21.0.10-win32-x86_64\bin\java.exe
0x00007ffd5f7f0000 - 0x00007ffd5fa07000 	C:\Windows\SYSTEM32\ntdll.dll
0x00007ffd5e740000 - 0x00007ffd5e804000 	C:\Windows\System32\KERNEL32.DLL
0x00007ffd5cac0000 - 0x00007ffd5ce92000 	C:\Windows\System32\KERNELBASE.dll
0x00007ffd5d0b0000 - 0x00007ffd5d1c1000 	C:\Windows\System32\ucrtbase.dll
0x00007ffd392b0000 - 0x00007ffd392c8000 	c:\Users\Chandana\.vscode\extensions\redhat.java-1.54.0-win32-x64\jre\21.0.10-win32-x86_64\bin\jli.dll
0x00007ffd43f20000 - 0x00007ffd43f3e000 	c:\Users\Chandana\.vscode\extensions\redhat.java-1.54.0-win32-x64\jre\21.0.10-win32-x86_64\bin\VCRUNTIME140.dll
0x00007ffd5d560000 - 0x00007ffd5d711000 	C:\Windows\System32\USER32.dll
0x00007ffd5cea0000 - 0x00007ffd5cec6000 	C:\Windows\System32\win32u.dll
0x00007ffd5f580000 - 0x00007ffd5f5a9000 	C:\Windows\System32\GDI32.dll
0x00007ffd5cf80000 - 0x00007ffd5d0a3000 	C:\Windows\System32\gdi32full.dll
0x00007ffd3fd50000 - 0x00007ffd3ffeb000 	C:\Windows\WinSxS\amd64_microsoft.windows.common-controls_6595b64144ccf1df_6.0.22621.5547_none_27104afb73855772\COMCTL32.dll
0x00007ffd5ca20000 - 0x00007ffd5caba000 	C:\Windows\System32\msvcp_win.dll
0x00007ffd5daa0000 - 0x00007ffd5db47000 	C:\Windows\System32\msvcrt.dll
0x00007ffd5de30000 - 0x00007ffd5de61000 	C:\Windows\System32\IMM32.DLL
0x00007ffd53e80000 - 0x00007ffd53e8c000 	c:\Users\Chandana\.vscode\extensions\redhat.java-1.54.0-win32-x64\jre\21.0.10-win32-x86_64\bin\vcruntime140_1.dll
0x00007ffd266b0000 - 0x00007ffd2673d000 	c:\Users\Chandana\.vscode\extensions\redhat.java-1.54.0-win32-x64\jre\21.0.10-win32-x86_64\bin\msvcp140.dll
0x00007ffcca390000 - 0x00007ffccb131000 	c:\Users\Chandana\.vscode\extensions\redhat.java-1.54.0-win32-x64\jre\21.0.10-win32-x86_64\bin\server\jvm.dll
0x00007ffd5d9e0000 - 0x00007ffd5da91000 	C:\Windows\System32\ADVAPI32.dll
0x00007ffd5dc60000 - 0x00007ffd5dd08000 	C:\Windows\System32\sechost.dll
0x00007ffd5ced0000 - 0x00007ffd5cef8000 	C:\Windows\System32\bcrypt.dll
0x00007ffd5ea30000 - 0x00007ffd5eb44000 	C:\Windows\System32\RPCRT4.dll
0x00007ffd5e850000 - 0x00007ffd5e8c1000 	C:\Windows\System32\WS2_32.dll
0x00007ffd55770000 - 0x00007ffd557a4000 	C:\Windows\SYSTEM32\WINMM.dll
0x00007ffd5bb80000 - 0x00007ffd5bbcd000 	C:\Windows\SYSTEM32\POWRPROF.dll
0x00007ffd416f0000 - 0x00007ffd416fa000 	C:\Windows\SYSTEM32\VERSION.dll
0x00007ffd5ba70000 - 0x00007ffd5ba83000 	C:\Windows\SYSTEM32\UMPDC.dll
0x00007ffd5b940000 - 0x00007ffd5b958000 	C:\Windows\SYSTEM32\kernel.appcore.dll
0x00007ffd43650000 - 0x00007ffd4365a000 	c:\Users\Chandana\.vscode\extensions\redhat.java-1.54.0-win32-x64\jre\21.0.10-win32-x86_64\bin\jimage.dll
0x00007ffd52450000 - 0x00007ffd52683000 	C:\Windows\SYSTEM32\DBGHELP.DLL
0x00007ffd5e2f0000 - 0x00007ffd5e683000 	C:\Windows\System32\combase.dll
0x00007ffd5d480000 - 0x00007ffd5d557000 	C:\Windows\System32\OLEAUT32.dll
0x00007ffd37640000 - 0x00007ffd37672000 	C:\Windows\SYSTEM32\dbgcore.DLL
0x00007ffd5c8e0000 - 0x00007ffd5c95b000 	C:\Windows\System32\bcryptPrimitives.dll
0x00007ffd392a0000 - 0x00007ffd392af000 	c:\Users\Chandana\.vscode\extensions\redhat.java-1.54.0-win32-x64\jre\21.0.10-win32-x86_64\bin\instrument.dll
0x00007ffd37510000 - 0x00007ffd37530000 	c:\Users\Chandana\.vscode\extensions\redhat.java-1.54.0-win32-x64\jre\21.0.10-win32-x86_64\bin\java.dll
0x00007ffd5eb50000 - 0x00007ffd5f3f2000 	C:\Windows\System32\SHELL32.dll
0x00007ffd5d340000 - 0x00007ffd5d47f000 	C:\Windows\System32\wintypes.dll
0x00007ffd5a7c0000 - 0x00007ffd5b0dd000 	C:\Windows\SYSTEM32\windows.storage.dll
0x00007ffd5f400000 - 0x00007ffd5f50c000 	C:\Windows\System32\SHCORE.dll
0x00007ffd5db50000 - 0x00007ffd5dbb9000 	C:\Windows\System32\shlwapi.dll
0x00007ffd5c810000 - 0x00007ffd5c83b000 	C:\Windows\SYSTEM32\profapi.dll
0x00007ffd35100000 - 0x00007ffd35118000 	c:\Users\Chandana\.vscode\extensions\redhat.java-1.54.0-win32-x64\jre\21.0.10-win32-x86_64\bin\zip.dll
0x00007ffd42dc0000 - 0x00007ffd42dd0000 	C:\Users\Chandana\.vscode\extensions\redhat.java-1.54.0-win32-x64\jre\21.0.10-win32-x86_64\bin\net.dll
0x00007ffd58810000 - 0x00007ffd5893c000 	C:\Windows\SYSTEM32\WINHTTP.dll
0x00007ffd5be40000 - 0x00007ffd5bea9000 	C:\Windows\system32\mswsock.dll
0x00007ffd350e0000 - 0x00007ffd350f6000 	C:\Users\Chandana\.vscode\extensions\redhat.java-1.54.0-win32-x64\jre\21.0.10-win32-x86_64\bin\nio.dll
0x00007ffd350d0000 - 0x00007ffd350e0000 	c:\Users\Chandana\.vscode\extensions\redhat.java-1.54.0-win32-x64\jre\21.0.10-win32-x86_64\bin\verify.dll
0x00007ffd34be0000 - 0x00007ffd34c25000 	C:\Users\Chandana\AppData\Roaming\Code\User\globalStorage\redhat.java\1.54.0\config_win\org.eclipse.equinox.launcher\org.eclipse.equinox.launcher.win32.win32.x86_64_1.3.0.v20260203-2149\eclipse_11919.dll
0x00007ffd5f5b0000 - 0x00007ffd5f750000 	C:\Windows\System32\ole32.dll
0x00007ffd5c0b0000 - 0x00007ffd5c0cb000 	C:\Windows\SYSTEM32\CRYPTSP.dll
0x00007ffd5b8a0000 - 0x00007ffd5b8d7000 	C:\Windows\system32\rsaenh.dll
0x00007ffd5bf10000 - 0x00007ffd5bf38000 	C:\Windows\SYSTEM32\USERENV.dll
0x00007ffd5c0d0000 - 0x00007ffd5c0dc000 	C:\Windows\SYSTEM32\CRYPTBASE.dll
0x00007ffd5b380000 - 0x00007ffd5b3ad000 	C:\Windows\SYSTEM32\IPHLPAPI.DLL
0x00007ffd5d9d0000 - 0x00007ffd5d9d9000 	C:\Windows\System32\NSI.dll
0x00007ffd431b0000 - 0x00007ffd431f9000 	C:\Users\Chandana\AppData\Local\Temp\jna-1496968546\jna10532927161029613962.dll
0x00007ffd5e810000 - 0x00007ffd5e818000 	C:\Windows\System32\PSAPI.DLL
0x00007ffd56780000 - 0x00007ffd56799000 	C:\Windows\SYSTEM32\dhcpcsvc6.DLL
0x00007ffd557b0000 - 0x00007ffd557cf000 	C:\Windows\SYSTEM32\dhcpcsvc.DLL
0x00007ffd350c0000 - 0x00007ffd350ce000 	C:\Users\Chandana\.vscode\extensions\redhat.java-1.54.0-win32-x64\jre\21.0.10-win32-x86_64\bin\sunmscapi.dll
0x00007ffd5d1d0000 - 0x00007ffd5d337000 	C:\Windows\System32\CRYPT32.dll
0x00007ffd5c290000 - 0x00007ffd5c2bd000 	C:\Windows\SYSTEM32\ncrypt.dll
0x00007ffd5c250000 - 0x00007ffd5c287000 	C:\Windows\SYSTEM32\NTASN1.dll
0x00007ffd5b3b0000 - 0x00007ffd5b4a8000 	C:\Windows\SYSTEM32\DNSAPI.dll
0x00007ffd56770000 - 0x00007ffd5677a000 	C:\Windows\System32\rasadhlp.dll
0x00007ffd548d0000 - 0x00007ffd54954000 	C:\Windows\System32\fwpuclnt.dll
0x00007ffd350b0000 - 0x00007ffd350b9000 	C:\Users\Chandana\.vscode\extensions\redhat.java-1.54.0-win32-x64\jre\21.0.10-win32-x86_64\bin\extnet.dll
0x00007ffd43180000 - 0x00007ffd431a7000 	C:\Users\Chandana\.gradle\native\68d5fa5c4cc2d200863cafc0d521ce42e7d3e7ee720ec0a83991735586a16f82\windows-amd64\native-platform.dll
0x00007ffd54c90000 - 0x00007ffd54c9a000 	C:\Users\Chandana\.vscode\extensions\redhat.java-1.54.0-win32-x64\jre\21.0.10-win32-x86_64\bin\management.dll
0x00007ffd350a0000 - 0x00007ffd350ac000 	C:\Users\Chandana\.vscode\extensions\redhat.java-1.54.0-win32-x64\jre\21.0.10-win32-x86_64\bin\management_ext.dll
0x00007ffd1feb0000 - 0x00007ffd1feb8000 	C:\Windows\system32\wshunix.dll

JVMTI agents:
c:\Users\Chandana\.vscode\extensions\redhat.java-1.54.0-win32-x64\lombok\lombok-1.18.39-4050.jar path:c:\Users\Chandana\.vscode\extensions\redhat.java-1.54.0-win32-x64\jre\21.0.10-win32-x86_64\bin\instrument.dll, loaded, initialized, instrumentlib options:none

dbghelp: loaded successfully - version: 4.0.5 - missing functions: none
symbol engine: initialized successfully - sym options: 0x614 - pdb path: .;c:\Users\Chandana\.vscode\extensions\redhat.java-1.54.0-win32-x64\jre\21.0.10-win32-x86_64\bin;C:\Windows\SYSTEM32;C:\Windows\WinSxS\amd64_microsoft.windows.common-controls_6595b64144ccf1df_6.0.22621.5547_none_27104afb73855772;c:\Users\Chandana\.vscode\extensions\redhat.java-1.54.0-win32-x64\jre\21.0.10-win32-x86_64\bin\server;C:\Users\Chandana\AppData\Roaming\Code\User\globalStorage\redhat.java\1.54.0\config_win\org.eclipse.equinox.launcher\org.eclipse.equinox.launcher.win32.win32.x86_64_1.3.0.v20260203-2149;C:\Users\Chandana\AppData\Local\Temp\jna-1496968546;C:\Users\Chandana\.gradle\native\68d5fa5c4cc2d200863cafc0d521ce42e7d3e7ee720ec0a83991735586a16f82\windows-amd64

VM Arguments:
jvm_args: --add-modules=ALL-SYSTEM --add-opens=java.base/java.util=ALL-UNNAMED --add-opens=java.base/java.lang=ALL-UNNAMED --add-opens=java.base/sun.nio.fs=ALL-UNNAMED -Declipse.application=org.eclipse.jdt.ls.core.id1 -Dosgi.bundles.defaultStartLevel=4 -Declipse.product=org.eclipse.jdt.ls.core.product -Djava.import.generatesMetadataFilesAtProjectRoot=false -DDetectVMInstallationsJob.disabled=true -Dfile.encoding=utf8 -XX:+UseParallelGC -XX:GCTimeRatio=4 -XX:AdaptiveSizePolicyWeight=90 -Dsun.zip.disableMemoryMapping=true -Xmx2G -Xms100m -Xlog:disable -javaagent:c:\Users\Chandana\.vscode\extensions\redhat.java-1.54.0-win32-x64\lombok\lombok-1.18.39-4050.jar -XX:+HeapDumpOnOutOfMemoryError -XX:HeapDumpPath=c:\Users\Chandana\AppData\Roaming\Code\User\workspaceStorage\7e48bb5e0a0455abc135e1238f045d00\redhat.java -Daether.dependencyCollector.impl=bf 
java_command: c:\Users\Chandana\.vscode\extensions\redhat.java-1.54.0-win32-x64\server\plugins\org.eclipse.equinox.launcher_1.7.100.v20251111-0406.jar -configuration c:\Users\Chandana\AppData\Roaming\Code\User\globalStorage\redhat.java\1.54.0\config_win -data c:\Users\Chandana\AppData\Roaming\Code\User\workspaceStorage\7e48bb5e0a0455abc135e1238f045d00\redhat.java\jdt_ws --pipe=\\.\pipe\lsp-e7c9374e1046be64aad8ea9983eb7e62-sock
java_class_path (initial): c:\Users\Chandana\.vscode\extensions\redhat.java-1.54.0-win32-x64\server\plugins\org.eclipse.equinox.launcher_1.7.100.v20251111-0406.jar
Launcher Type: SUN_STANDARD

[Global flags]
    uintx AdaptiveSizePolicyWeight                 = 90                                        {product} {command line}
     intx CICompilerCount                          = 4                                         {product} {ergonomic}
    uintx GCTimeRatio                              = 4                                         {product} {command line}
     bool HeapDumpOnOutOfMemoryError               = true                                   {manageable} {command line}
    ccstr HeapDumpPath                             = c:\Users\Chandana\AppData\Roaming\Code\User\workspaceStorage\7e48bb5e0a0455abc135e1238f045d00\redhat.java         {manageable} {command line}
   size_t InitialHeapSize                          = 104857600                                 {product} {command line}
   size_t MaxHeapSize                              = 2147483648                                {product} {command line}
   size_t MaxNewSize                               = 715653120                                 {product} {ergonomic}
   size_t MinHeapDeltaBytes                        = 524288                                    {product} {ergonomic}
   size_t MinHeapSize                              = 104857600                                 {product} {command line}
   size_t NewSize                                  = 34603008                                  {product} {ergonomic}
    uintx NonNMethodCodeHeapSize                   = 5839372                                {pd product} {ergonomic}
    uintx NonProfiledCodeHeapSize                  = 122909434                              {pd product} {ergonomic}
   size_t OldSize                                  = 70254592                                  {product} {ergonomic}
    uintx ProfiledCodeHeapSize                     = 122909434                              {pd product} {ergonomic}
    uintx ReservedCodeCacheSize                    = 251658240                              {pd product} {ergonomic}
     bool SegmentedCodeCache                       = true                                      {product} {ergonomic}
   size_t SoftMaxHeapSize                          = 2147483648                             {manageable} {ergonomic}
     bool UseCompressedOops                        = true                           {product lp64_product} {ergonomic}
     bool UseLargePagesIndividualAllocation        = false                                  {pd product} {ergonomic}
     bool UseParallelGC                            = true                                      {product} {command line}

Logging:
Log output configuration:
 #0: stdout all=off uptime,level,tags foldmultilines=false
 #1: stderr all=off uptime,level,tags foldmultilines=false

Release file:
JAVA_VERSION="21.0.10" 
MODULES="java.base java.compiler java.datatransfer java.xml java.prefs java.desktop java.instrument java.logging java.management java.security.sasl java.naming java.rmi java.management.rmi java.net.http java.scripting java.security.jgss java.transaction.xa java.sql java.sql.rowset java.xml.crypto java.se java.smartcardio jdk.accessibility jdk.internal.jvmstat jdk.attach jdk.charsets jdk.internal.opt jdk.zipfs jdk.compiler jdk.crypto.ec jdk.crypto.cryptoki jdk.crypto.mscapi jdk.dynalink jdk.internal.ed jdk.editpad jdk.hotspot.agent jdk.httpserver jdk.internal.le jdk.internal.vm.ci jdk.internal.vm.compiler jdk.internal.vm.compiler.management jdk.jartool jdk.javadoc jdk.jcmd jdk.management jdk.management.agent jdk.jconsole jdk.jdeps jdk.jdwp.agent jdk.jdi jdk.jfr jdk.jshell jdk.jsobject jdk.jstatd jdk.localedata jdk.management.jfr jdk.naming.dns jdk.naming.rmi jdk.net jdk.nio.mapmode jdk.random jdk.sctp jdk.security.auth jdk.security.jgss jdk.unsupported jdk.unsupported.desktop jdk.xml.dom" 

Environment Variables:
PATH=E:\MCA\second_sem\python\Scripts\;E:\MCA\second_sem\python\;C:\oraclexe\app\oracle\product\11.2.0\server\bin;D:\oracle\product\10.2.0\db_1\bin;C:\Program Files\Common Files\Oracle\Java\javapath;C:\Windows\system32;C:\Windows;C:\Windows\System32\Wbem;C:\Windows\System32\WindowsPowerShell\v1.0\;C:\Windows\System32\OpenSSH\;C:\Program Files\Java\jdk-22\bin;C:\php-8.4.2;C:\MinGW\bin;C:\Program Files\Git\cmd;C:\Program Files\nodejs\;C:\Program Files\MongoDB\Server\8.0\bin;C:\Program Files\PostgreSQL\17\bin;C:\Program Files\Redis;C:\Users\Chandana\AppData\Local\Android\Sdk\platform-tools;C:\Program Files\MySQL\MySQL Shell 8.0\bin\;C:\Users\Chandana\AppData\Local\Microsoft\WindowsApps;C:\Users\Chandana\AppData\Local\Programs\Microsoft VS Code\bin;C:\Program Files\JetBrains\PyCharm Community Edition 2024.2.4\bin;;C:\xampp\php;C:\Users\Chandana\AppData\Roaming\npm;C:\Program Files\MongoDB\Server\8.0\bin;C:\Users\Chandana\AppData\Local\Programs\Kiro\bin;D:\Windsurf\bin;D:\Antigravity\bin
USERNAME=Chandana
OS=Windows_NT
PROCESSOR_IDENTIFIER=Intel64 Family 6 Model 154 Stepping 3, GenuineIntel
TMP=C:\Users\Chandana\AppData\Local\Temp
TEMP=C:\Users\Chandana\AppData\Local\Temp




Periodic native trim disabled

---------------  S Y S T E M  ---------------

OS:
 Windows 11 , 64 bit Build 22621 (10.0.22621.5415)
OS uptime: 15 days 23:00 hours
Hyper-V role detected

CPU: total 12 (initial active 12) (6 cores per cpu, 2 threads per core) family 6 model 154 stepping 3 microcode 0x429, cx8, cmov, fxsr, ht, mmx, 3dnowpref, sse, sse2, sse3, ssse3, sse4.1, sse4.2, popcnt, lzcnt, tsc, tscinvbit, avx, avx2, aes, erms, clmul, bmi1, bmi2, adx, sha, fma, vzeroupper, clflush, clflushopt, clwb, hv, serialize, rdtscp, rdpid, fsrm, f16c, cet_ibt, cet_ss
Processor Information for processor 0
  Max Mhz: 2000, Current Mhz: 2000, Mhz Limit: 2000
Processor Information for processor 1
  Max Mhz: 2000, Current Mhz: 2000, Mhz Limit: 2000
Processor Information for processor 2
  Max Mhz: 2000, Current Mhz: 2000, Mhz Limit: 2000
Processor Information for processor 3
  Max Mhz: 2000, Current Mhz: 2000, Mhz Limit: 2000
Processor Information for processor 4
  Max Mhz: 2000, Current Mhz: 2000, Mhz Limit: 2000
Processor Information for processor 5
  Max Mhz: 2000, Current Mhz: 2000, Mhz Limit: 2000
Processor Information for processor 6
  Max Mhz: 2000, Current Mhz: 2000, Mhz Limit: 2000
Processor Information for processor 7
  Max Mhz: 2000, Current Mhz: 2000, Mhz Limit: 2000
Processor Information for processor 8
  Max Mhz: 2000, Current Mhz: 1500, Mhz Limit: 1500
Processor Information for processor 9
  Max Mhz: 2000, Current Mhz: 1500, Mhz Limit: 1500
Processor Information for processor 10
  Max Mhz: 2000, Current Mhz: 1500, Mhz Limit: 1500
Processor Information for processor 11
  Max Mhz: 2000, Current Mhz: 1500, Mhz Limit: 1500

Memory: 4k page, system-wide physical 16076M (2276M free)
TotalPageFile size 26167M (AvailPageFile size 448M)
current process WorkingSet (physical memory assigned to process): 256M, peak: 288M
current process commit charge ("private bytes"): 359M, peak: 392M

vm_info: OpenJDK 64-Bit Server VM (21.0.10+7-LTS) for windows-amd64 JRE (21.0.10+7-LTS), built on 2026-01-20T00:00:00Z by "admin" with MS VC++ 17.12 (VS2022)

END.
